// Jest Snapshot v1, https://goo.gl/fbAQLP

exports[`it renders a word 1`] = `
<span
  style={
    Object {
      "fontSize": "1.2rem",
      "padding": ".1em",
    }
  }
>
  wordup
</span>
`;
